\begin{table}[H]                                                                                                 \centering                                                                                                               \scalebox{0.8}{                                                                                                          \begin{threeparttable}                                                                            \caption{Linear estimation of treatments on Receivers expectations}                 \begin{tabular}{lccccccc}                                                                                \toprule[0.5pt] \toprule[0.5pt]
 & \multicolumn{4}{c}{Dependent Variables} \\ \cmidrule{2-5} & \multicolumn{2}{c}{Expected sent amount} & \multicolumn{2}{c}{Expected message} \\   \cmidrule(lr){2-3} \cmidrule(lr){4-5} & (1) & (2) & (3) & (4)  \\ \midrule  
Duque               &       4.657         &       2.010         &       0.013         &       0.010         \\
                    &     (3.493)         &     (3.556)         &     (0.111)         &     (0.118)         \\
\addlinespace
López               &       5.122         &       4.123         &      -0.098         &      -0.100         \\
                    &     (3.367)         &     (3.495)         &     (0.110)         &     (0.114)         \\
\addlinespace
Constant            &      24.390\sym{***}&      33.629\sym{***}&       0.463\sym{***}&       0.465\sym{**} \\
                    &     (2.317)         &     (6.121)         &     (0.079)         &     (0.191)         \\
\midrule
Controls            &                     &$\checkmark$         &                     &$\checkmark$         \\
\midrule
Mean Dep. Variable  &      27.661         &      27.661         &       0.435         &       0.435         \\
R Squared           &       0.021         &       0.086         &       0.010         &       0.028         \\
Observations        &         124         &         124         &         124         &         124         \\
\midrule
Effect Duque vs Neutral(\%)&        19.1         &         6.0         &         2.8         &         2.1         \\
Effect López vs Neutral(\%)&        21.0         &        12.3         &       -21.1         &       -21.5         \\
p-value H0: Duque = López&       0.897         &       0.571         &       0.314         &       0.325         \\
\bottomrule[0.5pt]                                                                               \label{tab:table2}                                                                       \end{tabular}                                                                                                    \vspace{-13pt}                                                                                           \begin{tablenotes}[flushleft]{\setlength{\itemindent}{-3pt}}          \small                                                                                                           \item Notes: * p$<$0.1, ** p$<$0.05, *** p$<$0.01. Robust standard errores in parentheses. Coefficients come from an ordinary least squares regression for the \textbf{Receivers} sample. Neutral treatment is the baseline of analysis. Dependent variable is specified in columns. Controls include whether subject is female, Semester, socio-economic strata (from 1 to 6), whether studying an economics related major, and a rationality measure.          \end{tablenotes}                                                                                         \end{threeparttable}                                                                             }                                                                                                                        \end{table}
