\begin{table}[H]                                                                                                 \centering                                                                                                               \scalebox{0.8}{                                                                                                          \begin{threeparttable}                                                                            \caption{Linear estimation of treatments on Receivers expectations}                 \begin{tabular}{lccccccc}                                                                                \toprule[0.5pt] \toprule[0.5pt]
 & \multicolumn{4}{c}{Dependent Variables} \\ \cmidrule{2-5} & \multicolumn{2}{c}{Expected sent amount} & \multicolumn{2}{c}{Expected message} \\   \cmidrule(lr){2-3} \cmidrule(lr){4-5} & (1) & (2) & (3) & (4)  \\ \midrule  
= ideology          &       5.366         &       4.079         &      -0.122         &      -0.122         \\
                    &     (3.413)         &     (3.507)         &     (0.109)         &     (0.114)         \\
\addlinespace
$\neq$ ideology     &       4.419         &       2.035         &       0.037         &       0.035         \\
                    &     (3.450)         &     (3.483)         &     (0.111)         &     (0.117)         \\
\addlinespace
Constant            &      24.390\sym{***}&      33.729\sym{***}&       0.463\sym{***}&       0.451\sym{**} \\
                    &     (2.317)         &     (6.104)         &     (0.079)         &     (0.193)         \\
\midrule
Controls            &                     &$\checkmark$         &                     &$\checkmark$         \\
\midrule
Mean Dep. Variable  &      27.661         &      27.661         &       0.435         &       0.435         \\
R Squared           &       0.022         &       0.086         &       0.019         &       0.037         \\
Observations        &         124         &         124         &         124         &         124         \\
\midrule
Effect = ideology vs Neutral(\%)&        22.0         &        12.1         &       -26.3         &       -27.2         \\
Effect $\neq$ ideology vs Neutral(\%)&        18.1         &         6.0         &         7.9         &         7.8         \\
p-value H0: = ideology = $\neq$ ideology&       0.792         &       0.576         &       0.146         &       0.147         \\
\bottomrule[0.5pt]                                                                               \label{tab:table2}                                                                       \end{tabular}                                                                                                    \vspace{-13pt}                                                                                           \begin{tablenotes}[flushleft]{\setlength{\itemindent}{-3pt}}          \small                                                                                                           \item Notes: * p$<$0.1, ** p$<$0.05, *** p$<$0.01. Robust standard errores in parentheses. Coefficients come from an ordinary least squares regression for the \textbf{Receivers} sample. Neutral treatment is the baseline of analysis. Dependent variable is specified in columns. Controls include whether subject is female, Semester, socio-economic strata (from 1 to 6), whether studying an economics related major, and a rationality measure.          \end{tablenotes}                                                                                         \end{threeparttable}                                                                             }                                                                                                                        \end{table}
