\begin{table}[H]                                                                                                 \centering                                                                                                               \scalebox{0.8}{                                                                                                          \begin{threeparttable}                                                                            \caption{Linear estimation of treatments on Receivers expectations}                 \begin{tabular}{lccccccc}                                                                                \toprule[0.5pt] \toprule[0.5pt]
 & \multicolumn{4}{c}{Dependent Variables} \\ \cmidrule{2-5} & \multicolumn{2}{c}{Expected sent amount} & \multicolumn{2}{c}{Expected message} \\   \cmidrule(lr){2-3} \cmidrule(lr){4-5} & (1) & (2) & (3) & (4)  \\ \midrule  
= ideology          &       3.564         &       2.641         &      -0.077         &      -0.076         \\
                    &     (3.433)         &     (3.504)         &     (0.108)         &     (0.112)         \\
\addlinespace
$\neq$ ideology     &       6.379\sym{*}  &       3.670         &      -0.002         &      -0.008         \\
                    &     (3.409)         &     (3.573)         &     (0.113)         &     (0.121)         \\
\addlinespace
Constant            &      24.390\sym{***}&      33.169\sym{***}&       0.463\sym{***}&       0.465\sym{**} \\
                    &     (2.317)         &     (6.054)         &     (0.079)         &     (0.193)         \\
\midrule
Controls            &                     &$\checkmark$         &                     &$\checkmark$         \\
\midrule
Mean Dep. Variable  &      27.661         &      27.661         &       0.435         &       0.435         \\
R Squared           &       0.026         &       0.084         &       0.005         &       0.024         \\
Observations        &         124         &         124         &         124         &         124         \\
\midrule
Effect = ideology vs Neutral(\%)&        14.6         &         8.0         &       -16.6         &       -16.4         \\
Effect $\neq$ ideology vs Neutral(\%)&        26.2         &        11.1         &        -0.4         &        -1.8         \\
p-value H0: = ideology = $\neq$ ideology&       0.431         &       0.785         &       0.495         &       0.543         \\
\bottomrule[0.5pt]                                                                               \label{tab:table2}                                                                       \end{tabular}                                                                                                    \vspace{-13pt}                                                                                           \begin{tablenotes}[flushleft]{\setlength{\itemindent}{-3pt}}          \small                                                                                                           \item Notes: * p$<$0.1, ** p$<$0.05, *** p$<$0.01. Robust standard errores in parentheses. Coefficients come from an ordinary least squares regression for the \textbf{Receivers} sample. Neutral treatment is the baseline of analysis. Dependent variable is specified in columns. Controls include whether subject is female, Semester, socio-economic strata (from 1 to 6), whether studying an economics related major, and a rationality measure.          \end{tablenotes}                                                                                         \end{threeparttable}                                                                             }                                                                                                                        \end{table}
